23:44:51Z  104 OPEN [app:core itil:standard]
23:44:51Z  105 OPEN []
23:45:11Z  105 OPEN [app:plp itil:standard]
23:45:11Z  106 OPEN []
23:45:32Z  104 OPEN [app:core change:start itil:standard]
23:45:32Z  105 OPEN [app:plp change:start itil:standard]
23:45:32Z  106 OPEN [app:pdp itil:standard]
23:45:32Z  107 OPEN []
23:45:53Z  106 OPEN [app:pdp change:start itil:standard]
23:45:53Z  107 OPEN [app:checkout itil:standard]
23:45:53Z  108 OPEN [app:pdp itil:standard]
23:46:13Z  107 OPEN [app:checkout change:start itil:standard]
23:46:34Z  108 OPEN [app:pdp change:start itil:standard]
23:50:22Z  104 OPEN [app:core deploy:staging itil:standard]
23:50:42Z  104 OPEN [app:core itil:standard]
23:50:42Z  105 OPEN [app:plp deploy:staging itil:standard]
23:51:03Z  105 OPEN [app:plp itil:standard]
23:51:03Z  106 OPEN [app:pdp itil:standard]
23:51:23Z  107 OPEN [app:checkout itil:standard]
23:51:23Z  108 OPEN [app:pdp itil:standard]
23:52:04Z  105 OPEN [app:plp change:start itil:standard]
23:52:46Z  108 OPEN [app:pdp change:start itil:standard]
23:54:08Z  105 OPEN [app:plp itil:standard]
23:54:29Z  108 OPEN [app:pdp itil:standard]
23:55:31Z  105 OPEN [app:plp change:start itil:standard]
23:55:52Z  104 OPEN [app:core change:start itil:standard]
23:55:52Z  108 OPEN [app:pdp change:start itil:standard]
23:56:13Z  106 OPEN [app:pdp change:start itil:standard]
23:57:14Z  107 OPEN [app:checkout change:start itil:standard]
23:59:19Z  104 OPEN [app:core deploy:staging itil:standard staging:deployed staging:healthy]
23:59:40Z  104 OPEN [app:core deploy:production deploy:staging itil:standard staging:deployed staging:e2e staging:healthy staging:smoke staging:uat]
00:00:01Z  104 OPEN [app:core change:complete deploy:production deploy:staging itil:standard production:deployed production:healthy staging:deployed staging:e2e staging:healthy staging:smoke staging:uat]
00:00:22Z  104 MERGED [app:core deploy:production deploy:staging itil:standard production:deployed production:healthy staging:e2e staging:smoke staging:uat]
00:00:42Z  104 MERGED [app:core itil:standard production:healthy]
00:01:03Z  104 MERGED [app:core change:end itil:standard]
00:01:44Z  105 OPEN [app:plp deploy:staging itil:standard staging:deployed staging:healthy]
00:02:05Z  105 OPEN [app:plp deploy:production deploy:staging itil:standard staging:deployed staging:e2e staging:healthy staging:smoke staging:uat]
00:02:25Z  105 OPEN [app:plp deploy:production deploy:staging itil:standard production:deployed production:healthy staging:deployed staging:e2e staging:healthy staging:smoke staging:uat]
00:02:46Z  105 MERGED [app:plp deploy:production deploy:staging itil:standard production:deployed production:healthy staging:deployed staging:e2e staging:healthy staging:smoke staging:uat]
00:03:07Z  105 MERGED [app:plp itil:standard production:healthy]
00:03:27Z  105 MERGED [app:plp change:end itil:standard]
00:03:27Z  106 OPEN [app:pdp blocked:lock change:start itil:standard]
00:03:48Z  106 OPEN [app:pdp change:start itil:standard]
00:07:14Z  106 OPEN [app:pdp deploy:staging itil:standard staging:deployed staging:e2e staging:healthy staging:smoke staging:uat]
00:07:35Z  106 OPEN [app:pdp deploy:production deploy:staging itil:standard production:deployed production:healthy staging:deployed staging:e2e staging:healthy staging:smoke staging:uat]
00:07:55Z  106 MERGED [app:pdp change:complete deploy:production deploy:staging itil:standard production:deployed production:healthy staging:deployed staging:e2e staging:healthy staging:smoke staging:uat]
00:08:16Z  106 MERGED [app:pdp itil:standard production:healthy staging:smoke staging:uat]
00:08:36Z  106 MERGED [app:pdp itil:standard]
00:08:57Z  106 MERGED [app:pdp change:end itil:standard]
00:08:57Z  107 OPEN [app:checkout itil:standard]
00:09:18Z  108 OPEN [app:pdp itil:standard]
00:11:01Z  108 OPEN [app:pdp change:start itil:standard]
00:11:22Z  108 OPEN [app:pdp deploy:staging itil:standard staging:deployed staging:e2e staging:healthy staging:smoke]
00:11:42Z  108 OPEN [app:pdp deploy:production deploy:staging itil:standard production:deployed staging:deployed staging:e2e staging:healthy staging:smoke staging:uat]
00:12:03Z  108 MERGED [app:pdp change:complete deploy:production deploy:staging itil:standard production:deployed production:healthy staging:deployed staging:e2e staging:healthy staging:smoke staging:uat]
00:12:24Z  108 MERGED [app:pdp itil:standard production:healthy staging:uat]
00:12:45Z  108 MERGED [app:pdp itil:standard]
00:13:05Z  108 MERGED [app:pdp change:end itil:standard]
00:18:17Z  107 OPEN [app:checkout change:start itil:standard]
00:18:38Z  107 OPEN [app:checkout deploy:staging itil:standard staging:deployed staging:healthy]
00:18:58Z  107 OPEN [app:checkout deploy:production deploy:staging itil:standard staging:deployed staging:e2e staging:healthy staging:smoke staging:uat]
00:19:19Z  107 OPEN [app:checkout deploy:production deploy:staging itil:standard production:deployed production:healthy staging:deployed staging:e2e staging:healthy staging:smoke staging:uat]
00:19:40Z  107 MERGED [app:checkout deploy:production deploy:staging itil:standard production:deployed production:healthy staging:e2e staging:healthy staging:smoke staging:uat]
00:20:00Z  107 MERGED [app:checkout itil:standard production:healthy]
00:20:21Z  107 MERGED [app:checkout change:end itil:standard]
